{"database":"permission_next_car_booking_test","applied":0,"migrations":27,"role":"non-owner/non-superuser/NOBYPASSRLS"}
{"database":"permission_next_car_booking_test","applied":0,"migrations":27,"role":"non-owner/non-superuser/NOBYPASSRLS"}
✔ domain and OSP tables FORCE RLS and runtime is non-owner/non-superuser (1914.1442ms)
✔ no automatic grants to existing system roles; no permission and forced-password/suspended accounts denied (55.9687ms)
✔ OWN cannot read/write another booking or logs; admin-only grant can read both; no hard delete (81.297ms)
✔ redacted bounded calendar sees busy cars without owner/destination/GPS; cannot assume reader role (16.4107ms)
✔ revoke/grant on next transaction takes effect without replacing the same session (22.7752ms)
✔ car and user overlap rejected; exact boundary and cancelled reservations do not conflict (26.9344ms)
✔ two independent simultaneous requests have one winner at the exclusion constraint (310.7647ms)
✔ even ALL use scope cannot read another owner; malformed fuel/GPS/return values rejected (83.8629ms)
✔ early return releases interval and late return cannot block completion (45.1031ms)
✔ report exact fuel aggregation 10+30 / 400+1200; report is admin-only (42.822ms)
ℹ tests 10
ℹ suites 0
ℹ pass 10
ℹ fail 0
ℹ cancelled 0
ℹ skipped 0
ℹ todo 0
ℹ duration_ms 2798.1437
Synthetic car browser fixture ready (no existing application database writes)
[WebServer] (node:10136) Warning: The 'NO_COLOR' env is ignored due to the 'FORCE_COLOR' env being set.
[WebServer] (Use `node --trace-warnings ...` to show where the warning was created)
[WebServer] {"timestamp":"2026-10-08T09:59:17.322Z","level":"warn","event":"auth.trusted_proxy_not_configured","trustedProxyCount":0,"message":"IP login limiting is inactive; email limiting remains enforced. Confirm proxy topology before changing TRUSTED_PROXY_COUNT."}

Running 7 tests using 1 worker

(node:27536) Warning: The 'NO_COLOR' env is ignored due to the 'FORCE_COLOR' env being set.
(Use `node --trace-warnings ...` to show where the warning was created)
[WebServer] ⨯ Error: The destination stream closed early.
[WebServer]     at ignore-listed frames {
[WebServer]   digest: '1931025483'
[WebServer] }
  ok 1 e2e\car-booking.spec.ts:10:5 › desktop booking, logs with denied GPS, return validation, calendar privacy, keyboard and themes (7.2s)
  ok 2 e2e\car-booking.spec.ts:29:5 › admin-only access edits grant and revoke on the same live session without changing work access (4.3s)
  ok 3 e2e\car-booking.spec.ts:42:5 › admin car editing, parking configuration and private GPS map (3.8s)
  ok 4 e2e\car-booking.spec.ts:51:5 › mobile forms, cancellation confirmation and no horizontal page overflow (3.2s)
  ok 5 e2e\car-booking.spec.ts:58:5 › anonymous API and forced-password account are denied (634ms)
  ok 6 e2e\car-booking.spec.ts:61:5 › admin OSP download, shared dashboard totals, queue controls and responsive report accessibility (6.1s)
  ok 7 e2e\car-booking.spec.ts:74:5 › staff cannot read/export OSP or dashboard, and scheduler authentication fails closed (1.2s)

  7 passed (31.2s)
waiting for server to shut down.... done
server stopped
