
> permission-next-super-app@0.1.0 build
> next build

▲ Next.js 16.3.8 (Turbopack)
- Environments: .env.local
✓ Running next.config.ts took 57ms

  Creating an optimized production build ...
✓ Compiled successfully in 5.5s
  Running TypeScript ...
  Finished TypeScript in 7.0s ...
  Collecting page data using 7 workers ...
  Generating static pages using 7 workers (0/21) ...
  Generating static pages using 7 workers (5/21) 
  Generating static pages using 7 workers (10/21) 
  Generating static pages using 7 workers (15/21) 
✓ Generating static pages using 7 workers (21/21) in 532ms
  Finalizing page optimization ...

Route (app)
┌ ƒ /
├ ƒ /admin
├ ƒ /admin/car-booking
├ ƒ /api/admin/car-booking
├ ƒ /api/buildings
├ ƒ /api/buildings/[id]
├ ƒ /api/buildings/[id]/location
├ ƒ /api/buildings/location-services
├ ƒ /api/car-booking/bookings
├ ƒ /api/car-booking/bookings/[id]/cancel
├ ƒ /api/car-booking/bookings/[id]/gps
├ ƒ /api/car-booking/bookings/[id]/logs
├ ƒ /api/car-booking/bookings/[id]/return
├ ƒ /api/car-booking/calendar
├ ƒ /api/car-booking/cars
├ ƒ /api/car-booking/cars/[id]
├ ƒ /api/car-booking/dashboard
├ ƒ /api/car-booking/osp-sync
├ ƒ /api/car-booking/reports
├ ƒ /api/car-booking/settings
├ ƒ /api/dashboard
├ ƒ /api/guarantees/[id]/documents/[kind]
├ ƒ /api/health
├ ƒ /api/integrations/sharepoint/readiness
├ ƒ /api/internal/car-booking/osp
├ ƒ /api/nas/[...path]
├ ƒ /api/work/export
├ ƒ /api/workspace/search
├ ○ /apple-icon.png
├ ƒ /buildings
├ ƒ /buildings/[id]
├ ƒ /buildings/[id]/edit
├ ƒ /buildings/map
├ ƒ /buildings/new
├ ƒ /car-booking
├ ƒ /change-password
├ ƒ /guarantees
├ ƒ /guarantees/[id]
├ ƒ /guarantees/new
├ ○ /icon.png
├ ƒ /legacy/guarantee
├ ƒ /legacy/guarantee/[asset]
├ ƒ /legacy/maxiwa
├ ƒ /legacy/maxiwa/api/[...path]
├ ƒ /legacy/maxiwa/assets/[...path]
├ ƒ /legacy/permission-next
├ ƒ /login
├ ○ /manifest.webmanifest
├ ○ /_not-found
├ ○ /robots.txt
├ ƒ /work
├ ƒ /work/assign
├ ƒ /work/kpi
├ ƒ /work/mine
├ ƒ /work/new
├ ƒ /work/people
├ ƒ /work/reports
├ ƒ /work/team
└ ƒ /work/tracker


ƒ Proxy (Middleware)

○  (Static)   prerendered as static content
ƒ  (Dynamic)  server-rendered on demand

