The files belonging to this database system will be owned by user "kobpat_m".
This user must also own the server process.

The database cluster will be initialized with locale "C".
The default text search configuration will be set to "english".

Data page checksums are disabled.

creating directory D:/WebApp/SuperApp PERMISSION_NEXT/.data/car-booking-postgres/phase3-fresh ... ok
creating subdirectories ... ok
selecting dynamic shared memory implementation ... windows
selecting default max_connections ... 100
selecting default shared_buffers ... 128MB
selecting default time zone ... Asia/Bangkok
creating configuration files ... ok
running bootstrap script ... ok
performing post-bootstrap initialization ... ok
syncing data to disk ... ok

Success. You can now start the database server using:

    ^"D^:^\WebApp^\SuperApp^ PERMISSION^_NEXT^\^.data^\car^-booking^-postgres^\pgsql^\bin^\pg^_ctl^" -D ^"D^:^\WebApp^\SuperApp^ PERMISSION^_NEXT^\^.data^\car^-booking^-postgres^\phase3^-fresh^" -l logfile start

{"database":"permission_next_car_booking_test","applied":26,"migrations":26,"role":"non-owner/non-superuser/NOBYPASSRLS"}
{"database":"permission_next_car_booking_test","applied":0,"migrations":26,"role":"non-owner/non-superuser/NOBYPASSRLS"}
✔ all three tables FORCE RLS and runtime is non-owner/non-superuser (332.6261ms)
✔ no automatic grants to existing system roles; no permission and forced-password/suspended accounts denied (126.6129ms)
✔ OWN cannot read/write another booking or logs; admin-only grant can read both; no hard delete (106.5064ms)
✔ redacted bounded calendar sees busy cars without owner/destination/GPS; cannot assume reader role (17.1394ms)
✔ revoke/grant on next transaction takes effect without replacing the same session (38.6049ms)
✔ car and user overlap rejected; exact boundary and cancelled reservations do not conflict (29.9738ms)
✔ two independent simultaneous requests have one winner at the exclusion constraint (335.5378ms)
✔ even ALL use scope cannot read another owner; malformed fuel/GPS/return values rejected (91.0715ms)
✔ early return releases interval and late return cannot block completion (49.0552ms)
✔ report exact fuel aggregation 10+30 / 400+1200; report is admin-only (45.7876ms)
ℹ tests 10
ℹ suites 0
ℹ pass 10
ℹ fail 0
ℹ cancelled 0
ℹ skipped 0
ℹ todo 0
ℹ duration_ms 1482.3332

 RUN  v5.0.0 D:/WebApp/SuperApp PERMISSION_NEXT


 Test Files  1 passed (1)
      Tests  12 passed (12)
   Start at  01:43:08
   Duration  4.83s (tests 52%, import 38%, transform 10%)

waiting for server to shut down..... done
server stopped
