
> permission-next-super-app@0.1.0 build
> next build

▲ Next.js 16.3.6 (Turbopack)
- Environments: .env.local
✓ Running next.config.ts took 43ms

  Creating an optimized production build ...
✓ Compiled successfully in 4.6s
  Running TypeScript ...
  Finished TypeScript in 6.0s ...
  Collecting page data using 7 workers ...
  Generating static pages using 7 workers (0/12) ...
  Generating static pages using 7 workers (3/12) 
  Generating static pages using 7 workers (6/12) 
  Generating static pages using 7 workers (9/12) 
✓ Generating static pages using 7 workers (12/12) in 439ms
  Finalizing page optimization ...

Route (app)
┌ ƒ /
├ ƒ /admin
├ ƒ /api/buildings
├ ƒ /api/buildings/[id]
├ ƒ /api/buildings/[id]/location
├ ƒ /api/buildings/location-services
├ ƒ /api/dashboard
├ ƒ /api/guarantees/[id]/documents/[kind]
├ ƒ /api/health
├ ƒ /api/integrations/sharepoint/readiness
├ ƒ /api/nas/[...path]
├ ƒ /api/work/export
├ ƒ /api/workspace/search
├ ○ /apple-icon.png
├ ƒ /buildings
├ ƒ /buildings/[id]
├ ƒ /buildings/[id]/edit
├ ƒ /buildings/map
├ ƒ /buildings/new
├ ƒ /change-password
├ ƒ /guarantees
├ ƒ /guarantees/[id]
├ ƒ /guarantees/new
├ ○ /icon.png
├ ƒ /legacy/guarantee
├ ƒ /legacy/guarantee/[asset]
├ ƒ /legacy/maxiwa
├ ƒ /legacy/maxiwa/api/[...path]
├ ƒ /legacy/maxiwa/assets/[...path]
├ ƒ /legacy/permission-next
├ ƒ /login
├ ○ /manifest.webmanifest
├ ○ /_not-found
├ ○ /robots.txt
├ ƒ /work
├ ƒ /work/assign
├ ƒ /work/kpi
├ ƒ /work/mine
├ ƒ /work/new
├ ƒ /work/people
├ ƒ /work/reports
├ ƒ /work/team
└ ƒ /work/tracker


ƒ Proxy (Middleware)

○  (Static)   prerendered as static content
ƒ  (Dynamic)  server-rendered on demand

