{"database":"permission_next_car_booking_test","applied":0,"migrations":25,"role":"non-owner/non-superuser/NOBYPASSRLS"}
{"database":"permission_next_car_booking_test","applied":0,"migrations":25,"role":"non-owner/non-superuser/NOBYPASSRLS"}
✔ all three tables FORCE RLS and runtime is non-owner/non-superuser (341.5589ms)
✔ no automatic module grants, no permission and forced-password/suspended accounts denied (145.6392ms)
✔ OWN cannot read/write another booking or logs; admin-only grant can read both; no hard delete (99.6375ms)
✔ redacted bounded calendar sees busy cars without owner/destination/GPS; cannot assume reader role (16.6103ms)
✔ revoke/grant on next transaction takes effect without replacing the same session (27.7299ms)
✔ car and user overlap rejected; exact boundary and cancelled reservations do not conflict (23.2363ms)
✔ two independent simultaneous requests have one winner at the exclusion constraint (297.6188ms)
✔ even ALL use scope cannot read another owner; malformed fuel/GPS/return values rejected (80.1734ms)
✔ early return releases interval and late return cannot block completion (36.5798ms)
✔ report exact fuel aggregation 10+30 / 400+1200; report is admin-only (44.9667ms)
ℹ tests 10
ℹ suites 0
ℹ pass 10
ℹ fail 0
ℹ cancelled 0
ℹ skipped 0
ℹ todo 0
ℹ duration_ms 1337.2466

 RUN  v5.0.0 D:/WebApp/SuperApp PERMISSION_NEXT


 Test Files  1 passed (1)
      Tests  10 passed (10)
   Start at  01:03:47
   Duration  3.51s (tests 52%, import 40%, transform 8%, worker 1%)

waiting for server to shut down.... done
server stopped
