The files belonging to this database system will be owned by user "kobpat_m".
This user must also own the server process.

The database cluster will be initialized with locale "C".
The default text search configuration will be set to "english".

Data page checksums are disabled.

creating directory D:/WebApp/SuperApp PERMISSION_NEXT/.data/car-booking-postgres/phase2-fresh ... ok
creating subdirectories ... ok
selecting dynamic shared memory implementation ... windows
selecting default max_connections ... 100
selecting default shared_buffers ... 128MB
selecting default time zone ... Asia/Bangkok
creating configuration files ... ok
running bootstrap script ... ok
performing post-bootstrap initialization ... ok
syncing data to disk ... ok

Success. You can now start the database server using:

    ^"D^:^\WebApp^\SuperApp^ PERMISSION^_NEXT^\^.data^\car^-booking^-postgres^\pgsql^\bin^\pg^_ctl^" -D ^"D^:^\WebApp^\SuperApp^ PERMISSION^_NEXT^\^.data^\car^-booking^-postgres^\phase2^-fresh^" -l logfile start

{"database":"permission_next_car_booking_test","applied":25,"migrations":25,"role":"non-owner/non-superuser/NOBYPASSRLS"}
{"database":"permission_next_car_booking_test","applied":0,"migrations":25,"role":"non-owner/non-superuser/NOBYPASSRLS"}
✔ all three tables FORCE RLS and runtime is non-owner/non-superuser (278.1492ms)
✔ no automatic module grants, no permission and forced-password/suspended accounts denied (112.391ms)
✔ OWN cannot read/write another booking or logs; admin-only grant can read both; no hard delete (102.9816ms)
✔ redacted bounded calendar sees busy cars without owner/destination/GPS; cannot assume reader role (15.89ms)
✔ revoke/grant on next transaction takes effect without replacing the same session (28.0232ms)
✔ car and user overlap rejected; exact boundary and cancelled reservations do not conflict (23.4981ms)
✔ two independent simultaneous requests have one winner at the exclusion constraint (320.8262ms)
✔ even ALL use scope cannot read another owner; malformed fuel/GPS/return values rejected (74.3188ms)
✔ early return releases interval and late return cannot block completion (38.3911ms)
✔ report exact fuel aggregation 10+30 / 400+1200; report is admin-only (46.2675ms)
ℹ tests 10
ℹ suites 0
ℹ pass 10
ℹ fail 0
ℹ cancelled 0
ℹ skipped 0
ℹ todo 0
ℹ duration_ms 1303.7402

 RUN  v5.0.0 D:/WebApp/SuperApp PERMISSION_NEXT


 Test Files  1 passed (1)
      Tests  10 passed (10)
   Start at  00:58:03
   Duration  3.21s (tests 51%, import 39%, transform 9%, worker 1%)

waiting for server to shut down..... done
server stopped
